2026-08-11T20:08:51.463-0400 [INFO]  Terraform version: 1.15.8
2026-08-11T20:08:51.463-0400 [DEBUG] using github.com/hashicorp/go-tfe v1.105.0
2026-08-11T20:08:51.463-0400 [DEBUG] using github.com/hashicorp/hcl/v2 v2.24.0
2026-08-11T20:08:51.463-0400 [DEBUG] using github.com/hashicorp/terraform-svchost v0.2.1
2026-08-11T20:08:51.463-0400 [DEBUG] using github.com/zclconf/go-cty v1.18.0
2026-08-11T20:08:51.463-0400 [INFO]  Go runtime version: go1.25.10
2026-08-11T20:08:51.463-0400 [INFO]  CLI args: []string{"terraform", "init"}
2026-08-11T20:08:51.463-0400 [TRACE] Stdout is a terminal of width 108
2026-08-11T20:08:51.463-0400 [TRACE] Stderr is a terminal of width 108
2026-08-11T20:08:51.463-0400 [TRACE] Stdin is a terminal
2026-08-11T20:08:51.463-0400 [DEBUG] Attempting to open CLI config file: /Users/thuzarthein/.terraformrc
2026-08-11T20:08:51.463-0400 [DEBUG] File doesn't exist, but doesn't need to. Ignoring.
2026-08-11T20:08:51.464-0400 [DEBUG] ignoring non-existing provider search directory terraform.d/plugins
2026-08-11T20:08:51.464-0400 [DEBUG] ignoring non-existing provider search directory /Users/thuzarthein/.terraform.d/plugins
2026-08-11T20:08:51.464-0400 [DEBUG] ignoring non-existing provider search directory /Users/thuzarthein/Library/Application Support/io.terraform/plugins
2026-08-11T20:08:51.464-0400 [DEBUG] ignoring non-existing provider search directory /Library/Application Support/io.terraform/plugins
2026-08-11T20:08:51.466-0400 [INFO]  CLI command args: []string{"init"}
2026-08-11T20:08:51.472-0400 [TRACE] Meta.Backend: no config given or present on disk, so returning nil config
2026-08-11T20:08:51.472-0400 [TRACE] Meta.Backend: backend has not previously been initialized in this working directory
2026-08-11T20:08:51.472-0400 [TRACE] Meta.Backend: using default local state only (no backend configuration, and no existing initialized backend)
2026-08-11T20:08:51.472-0400 [TRACE] Meta.Backend: instantiated backend of type <nil>
2026-08-11T20:08:51.472-0400 [DEBUG] checking for provisioner in "."
2026-08-11T20:08:51.472-0400 [DEBUG] checking for provisioner in "/Users/thuzarthein/bin"
2026-08-11T20:08:51.472-0400 [TRACE] Meta.Backend: backend <nil> does not support operations, so wrapping it in a local backend
2026-08-11T20:08:51.472-0400 [TRACE] backend/local: state manager for workspace "default" will:
 - read initial snapshot from terraform.tfstate
 - write new snapshots to terraform.tfstate
 - create any backup at terraform.tfstate.backup
2026-08-11T20:08:51.472-0400 [TRACE] statemgr.Filesystem: reading initial snapshot from terraform.tfstate
2026-08-11T20:08:51.473-0400 [TRACE] statemgr.Filesystem: snapshot file has nil snapshot, but that's okay
2026-08-11T20:08:51.473-0400 [TRACE] statemgr.Filesystem: read nil snapshot
2026-08-11T20:08:51.473-0400 [TRACE] terraform.NewContext: starting
2026-08-11T20:08:51.473-0400 [TRACE] terraform.NewContext: complete
2026-08-11T20:08:51.473-0400 [TRACE] building graph for terraform dependencies
2026-08-11T20:08:51.473-0400 [TRACE] Executing graph transform *terraform.RootVariableTransformer
2026-08-11T20:08:51.473-0400 [TRACE] Executing graph transform *terraform.ModuleTransformer
2026-08-11T20:08:51.473-0400 [TRACE] Executing graph transform *terraform.LocalTransformer
2026-08-11T20:08:51.473-0400 [TRACE] Executing graph transform *terraform.ReferenceTransformer
2026-08-11T20:08:51.473-0400 [TRACE] Executing graph transform *terraform.TransformFilter
2026-08-11T20:08:51.473-0400 [TRACE] Executing graph transform *terraform.variableValidationTransformer
2026-08-11T20:08:51.473-0400 [TRACE] variableValidationTransformer: adding validation nodes for any existing variable evaluation nodes
2026-08-11T20:08:51.473-0400 [TRACE] Executing graph transform *terraform.RootTransformer
2026-08-11T20:08:51.473-0400 [TRACE] Executing graph transform *terraform.TransitiveReductionTransformer
2026-08-11T20:08:51.473-0400 [TRACE] Completed graph transform:
root - terraform.graphNodeRoot
  ------
2026-08-11T20:08:51.474-0400 [DEBUG] Starting graph walk: walkInit
2026-08-11T20:08:51.476-0400 [TRACE] vertex "root": starting visit (terraform.graphNodeRoot)
2026-08-11T20:08:51.476-0400 [TRACE] vertex "root": does not belong to any module instance
2026-08-11T20:08:51.476-0400 [TRACE] vertex "root": visit complete
2026-08-11T20:08:51.476-0400 [DEBUG] Service discovery for registry.terraform.io at https://registry.terraform.io/.well-known/terraform.json
2026-08-11T20:08:51.626-0400 [DEBUG] GET https://registry.terraform.io/v1/providers/hashicorp/aws/versions
2026-08-11T20:08:51.626-0400 [TRACE] HTTP client GET request to https://registry.terraform.io/v1/providers/hashicorp/aws/versions
2026-08-11T20:08:51.739-0400 [TRACE] providercache.fillMetaCache: scanning directory .terraform/providers
2026-08-11T20:08:51.739-0400 [TRACE] getproviders.SearchLocalDirectory: failed to resolve symlinks for .terraform/providers: lstat .terraform: no such file or directory
2026-08-11T20:08:51.739-0400 [TRACE] providercache.fillMetaCache: error while scanning directory .terraform/providers: cannot search .terraform/providers: lstat .terraform/providers: no such file or directory
2026-08-11T20:08:51.739-0400 [DEBUG] GET https://registry.terraform.io/v1/providers/hashicorp/aws/5.63.0/download/darwin/arm64
2026-08-11T20:08:51.739-0400 [TRACE] HTTP client GET request to https://registry.terraform.io/v1/providers/hashicorp/aws/5.63.0/download/darwin/arm64
2026-08-11T20:08:51.867-0400 [DEBUG] GET https://releases.hashicorp.com/terraform-provider-aws/5.63.0/terraform-provider-aws_5.63.0_SHA256SUMS
2026-08-11T20:08:51.867-0400 [TRACE] HTTP client GET request to https://releases.hashicorp.com/terraform-provider-aws/5.63.0/terraform-provider-aws_5.63.0_SHA256SUMS
2026-08-11T20:08:52.017-0400 [DEBUG] GET https://releases.hashicorp.com/terraform-provider-aws/5.63.0/terraform-provider-aws_5.63.0_SHA256SUMS.72D7468F.sig
2026-08-11T20:08:52.017-0400 [TRACE] HTTP client GET request to https://releases.hashicorp.com/terraform-provider-aws/5.63.0/terraform-provider-aws_5.63.0_SHA256SUMS.72D7468F.sig
2026-08-11T20:08:52.062-0400 [TRACE] providercache.Dir.InstallPackage: installing registry.terraform.io/hashicorp/aws v5.63.0 from https://releases.hashicorp.com/terraform-provider-aws/5.63.0/terraform-provider-aws_5.63.0_darwin_arm64.zip
2026-08-11T20:08:52.063-0400 [TRACE] HTTP client GET request to https://releases.hashicorp.com/terraform-provider-aws/5.63.0/terraform-provider-aws_5.63.0_darwin_arm64.zip
2026-08-11T20:08:56.050-0400 [WARN]  expired openpgp key from HashiCorp Security (hashicorp.com/security) <security@hashicorp.com>
2026-08-11T20:08:56.050-0400 [DEBUG] Provider signed by 34365D9472D7468F HashiCorp Security (hashicorp.com/security) <security@hashicorp.com>
2026-08-11T20:08:56.052-0400 [WARN]  expired openpgp key from HashiCorp Security (hashicorp.com/security) <security@hashicorp.com>
2026-08-11T20:08:59.001-0400 [TRACE] providercache.fillMetaCache: scanning directory .terraform/providers
2026-08-11T20:08:59.002-0400 [TRACE] getproviders.SearchLocalDirectory: found registry.terraform.io/hashicorp/aws v5.63.0 for darwin_arm64 at .terraform/providers/registry.terraform.io/hashicorp/aws/5.63.0/darwin_arm64
2026-08-11T20:08:59.002-0400 [TRACE] providercache.fillMetaCache: including .terraform/providers/registry.terraform.io/hashicorp/aws/5.63.0/darwin_arm64 as a candidate package for registry.terraform.io/hashicorp/aws 5.63.0
