2026-08-11T19:35:05.686-0400 [INFO]  Terraform version: 1.15.8
2026-08-11T19:35:05.686-0400 [DEBUG] using github.com/hashicorp/go-tfe v1.105.0
2026-08-11T19:35:05.686-0400 [DEBUG] using github.com/hashicorp/hcl/v2 v2.24.0
2026-08-11T19:35:05.686-0400 [DEBUG] using github.com/hashicorp/terraform-svchost v0.2.1
2026-08-11T19:35:05.686-0400 [DEBUG] using github.com/zclconf/go-cty v1.18.0
2026-08-11T19:35:05.686-0400 [INFO]  Go runtime version: go1.25.10
2026-08-11T19:35:05.686-0400 [INFO]  CLI args: []string{"terraform", "init"}
2026-08-11T19:35:05.686-0400 [DEBUG] Attempting to open CLI config file: /Users/thuzarthein/.terraformrc
2026-08-11T19:35:05.686-0400 [DEBUG] File doesn't exist, but doesn't need to. Ignoring.
2026-08-11T19:35:05.687-0400 [DEBUG] ignoring non-existing provider search directory terraform.d/plugins
2026-08-11T19:35:05.687-0400 [DEBUG] ignoring non-existing provider search directory /Users/thuzarthein/.terraform.d/plugins
2026-08-11T19:35:05.687-0400 [DEBUG] ignoring non-existing provider search directory /Users/thuzarthein/Library/Application Support/io.terraform/plugins
2026-08-11T19:35:05.687-0400 [DEBUG] ignoring non-existing provider search directory /Library/Application Support/io.terraform/plugins
2026-08-11T19:35:05.688-0400 [INFO]  CLI command args: []string{"init"}
2026-08-11T19:35:05.693-0400 [DEBUG] checking for provisioner in "."
2026-08-11T19:35:05.693-0400 [DEBUG] checking for provisioner in "/Users/thuzarthein/bin"
2026-08-11T19:35:05.695-0400 [DEBUG] Starting graph walk: walkInit
2026-08-11T19:35:05.700-0400 [DEBUG] Service discovery for registry.terraform.io at https://registry.terraform.io/.well-known/terraform.json
2026-08-11T19:35:05.892-0400 [DEBUG] GET https://registry.terraform.io/v1/providers/kreuzwerker/docker/versions
2026-08-11T19:35:06.008-0400 [DEBUG] GET https://registry.terraform.io/v1/providers/hashicorp/azurerm/versions
2026-08-11T19:35:06.135-0400 [DEBUG] GET https://registry.terraform.io/v1/providers/hashicorp/kubernetes/versions
2026-08-11T19:35:06.281-0400 [DEBUG] GET https://registry.terraform.io/v1/providers/hashicorp/aws/versions
2026-08-11T19:35:06.406-0400 [DEBUG] GET https://registry.terraform.io/v1/providers/kreuzwerker/docker/4.5.0/download/darwin/arm64
2026-08-11T19:35:06.514-0400 [DEBUG] GET https://github.com/kreuzwerker/terraform-provider-docker/releases/download/v4.5.0/terraform-provider-docker_4.5.0_SHA256SUMS
2026-08-11T19:35:06.978-0400 [DEBUG] GET https://github.com/kreuzwerker/terraform-provider-docker/releases/download/v4.5.0/terraform-provider-docker_4.5.0_SHA256SUMS.sig
2026-08-11T19:35:08.591-0400 [DEBUG] Provider signed by 0DCE698927DAF8EC Martin Wentzel <info@martinwentzel.com>
2026-08-11T19:35:09.170-0400 [DEBUG] GET https://registry.terraform.io/v1/providers/hashicorp/azurerm/5.0.1/download/darwin/arm64
2026-08-11T19:35:09.343-0400 [DEBUG] GET https://releases.hashicorp.com/terraform-provider-azurerm/5.0.1/terraform-provider-azurerm_5.0.1_SHA256SUMS
2026-08-11T19:35:09.545-0400 [DEBUG] GET https://releases.hashicorp.com/terraform-provider-azurerm/5.0.1/terraform-provider-azurerm_5.0.1_SHA256SUMS.72D7468F.sig
2026-08-11T19:35:11.497-0400 [WARN]  expired openpgp key from HashiCorp Security (hashicorp.com/security) <security@hashicorp.com>
2026-08-11T19:35:11.497-0400 [DEBUG] Provider signed by 34365D9472D7468F HashiCorp Security (hashicorp.com/security) <security@hashicorp.com>
2026-08-11T19:35:11.499-0400 [WARN]  expired openpgp key from HashiCorp Security (hashicorp.com/security) <security@hashicorp.com>
2026-08-11T19:35:13.097-0400 [DEBUG] GET https://registry.terraform.io/v1/providers/hashicorp/kubernetes/3.2.1/download/darwin/arm64
2026-08-11T19:35:13.222-0400 [DEBUG] GET https://releases.hashicorp.com/terraform-provider-kubernetes/3.2.1/terraform-provider-kubernetes_3.2.1_SHA256SUMS
2026-08-11T19:35:13.390-0400 [DEBUG] GET https://releases.hashicorp.com/terraform-provider-kubernetes/3.2.1/terraform-provider-kubernetes_3.2.1_SHA256SUMS.72D7468F.sig
2026-08-11T19:35:14.361-0400 [WARN]  expired openpgp key from HashiCorp Security (hashicorp.com/security) <security@hashicorp.com>
2026-08-11T19:35:14.361-0400 [DEBUG] Provider signed by 34365D9472D7468F HashiCorp Security (hashicorp.com/security) <security@hashicorp.com>
2026-08-11T19:35:14.363-0400 [WARN]  expired openpgp key from HashiCorp Security (hashicorp.com/security) <security@hashicorp.com>
2026-08-11T19:35:14.860-0400 [DEBUG] GET https://registry.terraform.io/v1/providers/hashicorp/aws/5.63.0/download/darwin/arm64
2026-08-11T19:35:14.984-0400 [DEBUG] GET https://releases.hashicorp.com/terraform-provider-aws/5.63.0/terraform-provider-aws_5.63.0_SHA256SUMS
2026-08-11T19:35:15.158-0400 [DEBUG] GET https://releases.hashicorp.com/terraform-provider-aws/5.63.0/terraform-provider-aws_5.63.0_SHA256SUMS.72D7468F.sig
2026-08-11T19:35:19.643-0400 [WARN]  expired openpgp key from HashiCorp Security (hashicorp.com/security) <security@hashicorp.com>
2026-08-11T19:35:19.644-0400 [DEBUG] Provider signed by 34365D9472D7468F HashiCorp Security (hashicorp.com/security) <security@hashicorp.com>
2026-08-11T19:35:19.645-0400 [WARN]  expired openpgp key from HashiCorp Security (hashicorp.com/security) <security@hashicorp.com>
